2026-09-10 12:40:17 — INFO — Running with edr=0.25.1
2026-09-10 12:40:17 — DEBUG — profiles.yml not found at /Users/redalpha04/.dbt/profiles.yml
2026-09-10 12:40:17 — INFO — Installing packages for edr internal dbt package...
2026-09-10 12:40:17 — INFO — Running dbt command --log-format json deps --project-dir /Users/redalpha04/miniconda3/envs/elt/lib/python3.11/site-packages/elementary/monitor/dbt_project
2026-09-10 12:40:21 — DEBUG — Running dbt command --log-format json run-operation elementary.log_macro_results --args {"macro_name": "elementary_cli.get_latest_invocation", "macro_args": {}} --project-dir /Users/redalpha04/miniconda3/envs/elt/lib/python3.11/site-packages/elementary/monitor/dbt_project
[31;20m2026-09-10 12:40:23 — ERROR — Unable to get the latest invocation: Failed to run dbt command.
Runtime Error
  Could not find profile named 'elementary'[0m
2026-09-10 12:40:23 — DEBUG — Running dbt command --log-format json run-operation elementary.log_macro_results --args {"macro_name": "elementary_cli.get_adapter_type_and_unique_id", "macro_args": {}} --project-dir /Users/redalpha04/miniconda3/envs/elt/lib/python3.11/site-packages/elementary/monitor/dbt_project
2026-09-10 12:40:24 — DEBUG — Could not get warehouse info.
Traceback (most recent call last):
  File "/Users/redalpha04/miniconda3/envs/elt/lib/python3.11/site-packages/elementary/monitor/data_monitoring/data_monitoring.py", line 142, in _get_warehouse_info
    self.internal_dbt_runner.run_operation(
  File "/Users/redalpha04/miniconda3/envs/elt/lib/python3.11/site-packages/elementary/clients/dbt/command_line_dbt_runner.py", line 351, in run_operation
    result = self._run_command(
             ^^^^^^^^^^^^^^^^^^
  File "/Users/redalpha04/miniconda3/envs/elt/lib/python3.11/site-packages/elementary/clients/dbt/command_line_dbt_runner.py", line 209, in _run_command
    return self._inner_run_command_with_retries(
           ^^^^^^^^^^^^^^^^^^^^^^^^^^^^^^^^^^^^^
  File "/Users/redalpha04/miniconda3/envs/elt/lib/python3.11/site-packages/tenacity/__init__.py", line 331, in wrapped_f
    return copy(f, *args, **kw)
           ^^^^^^^^^^^^^^^^^^^^
  File "/Users/redalpha04/miniconda3/envs/elt/lib/python3.11/site-packages/tenacity/__init__.py", line 470, in __call__
    do = self.iter(retry_state=retry_state)
         ^^^^^^^^^^^^^^^^^^^^^^^^^^^^^^^^^^
  File "/Users/redalpha04/miniconda3/envs/elt/lib/python3.11/site-packages/tenacity/__init__.py", line 371, in iter
    result = action(retry_state)
             ^^^^^^^^^^^^^^^^^^^
  File "/Users/redalpha04/miniconda3/envs/elt/lib/python3.11/site-packages/tenacity/__init__.py", line 393, in <lambda>
    self._add_action_func(lambda rs: rs.outcome.result())
                                     ^^^^^^^^^^^^^^^^^^^
  File "/Users/redalpha04/miniconda3/envs/elt/lib/python3.11/concurrent/futures/_base.py", line 449, in result
    return self.__get_result()
           ^^^^^^^^^^^^^^^^^^^
  File "/Users/redalpha04/miniconda3/envs/elt/lib/python3.11/concurrent/futures/_base.py", line 401, in __get_result
    raise self._exception
  File "/Users/redalpha04/miniconda3/envs/elt/lib/python3.11/site-packages/tenacity/__init__.py", line 473, in __call__
    result = fn(*args, **kwargs)
             ^^^^^^^^^^^^^^^^^^^
  File "/Users/redalpha04/miniconda3/envs/elt/lib/python3.11/site-packages/elementary/clients/dbt/command_line_dbt_runner.py", line 246, in _inner_run_command_with_retries
    result = self._inner_run_command(
             ^^^^^^^^^^^^^^^^^^^^^^^^
  File "/Users/redalpha04/miniconda3/envs/elt/lib/python3.11/site-packages/elementary/clients/dbt/api_dbt_runner.py", line 59, in _inner_run_command
    raise DbtCommandError(
elementary.exceptions.exceptions.DbtCommandError: Failed to run dbt command.
Runtime Error
  Could not find profile named 'elementary'
2026-09-10 12:40:24 — DEBUG — Running dbt command --log-format json run-operation elementary.log_macro_results --args {"macro_name": "elementary_cli.get_elementary_database_and_schema", "macro_args": {}} --project-dir /Users/redalpha04/miniconda3/envs/elt/lib/python3.11/site-packages/elementary/monitor/dbt_project
[31;20m2026-09-10 12:40:25 — ERROR — Failed to parse Elementary's database and schema.[0m
2026-09-10 12:40:25 — INFO — Running dbt command --log-format json run-operation elementary.log_macro_results --args {"macro_name": "elementary_cli.get_test_results", "macro_args": {"days_back": 7, "invocations_per_test": 720, "disable_passed_test_metrics": false, "skip_test_result_rows": false}} --project-dir /Users/redalpha04/miniconda3/envs/elt/lib/python3.11/site-packages/elementary/monitor/dbt_project
[31;20m2026-09-10 12:40:27 — ERROR — Could not generate the report - Error: Failed to run dbt command.
Runtime Error
  Could not find profile named 'elementary'
Please reach out to our community for help with this issue.[0m
Traceback (most recent call last):
  File "/Users/redalpha04/miniconda3/envs/elt/lib/python3.11/site-packages/elementary/monitor/api/report/report.py", line 85, in get_report_data
    tests_api = TestsAPI(
                ^^^^^^^^^
  File "/Users/redalpha04/miniconda3/envs/elt/lib/python3.11/site-packages/elementary/monitor/api/tests/tests.py", line 53, in __init__
    self.test_results_db_rows = self._get_test_results_db_rows(
                                ^^^^^^^^^^^^^^^^^^^^^^^^^^^^^^^
  File "/Users/redalpha04/miniconda3/envs/elt/lib/python3.11/site-packages/elementary/monitor/api/tests/tests.py", line 67, in _get_test_results_db_rows
    return self.tests_fetcher.get_all_test_results_db_rows(
           ^^^^^^^^^^^^^^^^^^^^^^^^^^^^^^^^^^^^^^^^^^^^^^^^
  File "/Users/redalpha04/miniconda3/envs/elt/lib/python3.11/site-packages/elementary/monitor/fetchers/tests/tests.py", line 27, in get_all_test_results_db_rows
    run_operation_response = self.dbt_runner.run_operation(
                             ^^^^^^^^^^^^^^^^^^^^^^^^^^^^^^
  File "/Users/redalpha04/miniconda3/envs/elt/lib/python3.11/site-packages/elementary/clients/dbt/command_line_dbt_runner.py", line 351, in run_operation
    result = self._run_command(
             ^^^^^^^^^^^^^^^^^^
  File "/Users/redalpha04/miniconda3/envs/elt/lib/python3.11/site-packages/elementary/clients/dbt/command_line_dbt_runner.py", line 209, in _run_command
    return self._inner_run_command_with_retries(
           ^^^^^^^^^^^^^^^^^^^^^^^^^^^^^^^^^^^^^
  File "/Users/redalpha04/miniconda3/envs/elt/lib/python3.11/site-packages/tenacity/__init__.py", line 331, in wrapped_f
    return copy(f, *args, **kw)
           ^^^^^^^^^^^^^^^^^^^^
  File "/Users/redalpha04/miniconda3/envs/elt/lib/python3.11/site-packages/tenacity/__init__.py", line 470, in __call__
    do = self.iter(retry_state=retry_state)
         ^^^^^^^^^^^^^^^^^^^^^^^^^^^^^^^^^^
  File "/Users/redalpha04/miniconda3/envs/elt/lib/python3.11/site-packages/tenacity/__init__.py", line 371, in iter
    result = action(retry_state)
             ^^^^^^^^^^^^^^^^^^^
  File "/Users/redalpha04/miniconda3/envs/elt/lib/python3.11/site-packages/tenacity/__init__.py", line 393, in <lambda>
    self._add_action_func(lambda rs: rs.outcome.result())
                                     ^^^^^^^^^^^^^^^^^^^
  File "/Users/redalpha04/miniconda3/envs/elt/lib/python3.11/concurrent/futures/_base.py", line 449, in result
    return self.__get_result()
           ^^^^^^^^^^^^^^^^^^^
  File "/Users/redalpha04/miniconda3/envs/elt/lib/python3.11/concurrent/futures/_base.py", line 401, in __get_result
    raise self._exception
  File "/Users/redalpha04/miniconda3/envs/elt/lib/python3.11/site-packages/tenacity/__init__.py", line 473, in __call__
    result = fn(*args, **kwargs)
             ^^^^^^^^^^^^^^^^^^^
  File "/Users/redalpha04/miniconda3/envs/elt/lib/python3.11/site-packages/elementary/clients/dbt/command_line_dbt_runner.py", line 246, in _inner_run_command_with_retries
    result = self._inner_run_command(
             ^^^^^^^^^^^^^^^^^^^^^^^^
  File "/Users/redalpha04/miniconda3/envs/elt/lib/python3.11/site-packages/elementary/clients/dbt/api_dbt_runner.py", line 59, in _inner_run_command
    raise DbtCommandError(
elementary.exceptions.exceptions.DbtCommandError: Failed to run dbt command.
Runtime Error
  Could not find profile named 'elementary'
2026-09-10 12:41:52 — INFO — Running with edr=0.25.1
2026-09-10 12:41:52 — DEBUG — No target specified and no default target in profile
2026-09-10 12:41:52 — DEBUG — Running dbt command --log-format json run-operation elementary.log_macro_results --args {"macro_name": "elementary_cli.get_latest_invocation", "macro_args": {}} --project-dir /Users/redalpha04/miniconda3/envs/elt/lib/python3.11/site-packages/elementary/monitor/dbt_project --profiles-dir /Users/redalpha04/Desktop/DSAI/DS6-Module-2-Project-Group-6/olist_dbt
2026-09-10 12:42:00 — DEBUG — Result bytes size for command '--log-format json run-operation elementary.log_macro_results --args {"macro_name": "elementary_cli.get_latest_invocation", "macro_args": {}} --project-dir /Users/redalpha04/miniconda3/envs/elt/lib/python3.11/site-packages/elementary/monitor/dbt_project --profiles-dir /Users/redalpha04/Desktop/DSAI/DS6-Module-2-Project-Group-6/olist_dbt' is 2569
2026-09-10 12:42:00 — DEBUG — Running dbt command --log-format json run-operation elementary.log_macro_results --args {"macro_name": "elementary_cli.get_adapter_type_and_unique_id", "macro_args": {}} --project-dir /Users/redalpha04/miniconda3/envs/elt/lib/python3.11/site-packages/elementary/monitor/dbt_project --profiles-dir /Users/redalpha04/Desktop/DSAI/DS6-Module-2-Project-Group-6/olist_dbt
2026-09-10 12:42:02 — DEBUG — Result bytes size for command '--log-format json run-operation elementary.log_macro_results --args {"macro_name": "elementary_cli.get_adapter_type_and_unique_id", "macro_args": {}} --project-dir /Users/redalpha04/miniconda3/envs/elt/lib/python3.11/site-packages/elementary/monitor/dbt_project --profiles-dir /Users/redalpha04/Desktop/DSAI/DS6-Module-2-Project-Group-6/olist_dbt' is 497
2026-09-10 12:42:02 — INFO — edr (0.25.1) and Elementary's dbt package (0.25.1) are compatible.
2026-09-10 12:42:02 — DEBUG — Running dbt command --log-format json run-operation elementary.log_macro_results --args {"macro_name": "elementary_cli.get_elementary_database_and_schema", "macro_args": {}} --project-dir /Users/redalpha04/miniconda3/envs/elt/lib/python3.11/site-packages/elementary/monitor/dbt_project --profiles-dir /Users/redalpha04/Desktop/DSAI/DS6-Module-2-Project-Group-6/olist_dbt
2026-09-10 12:42:03 — DEBUG — Result bytes size for command '--log-format json run-operation elementary.log_macro_results --args {"macro_name": "elementary_cli.get_elementary_database_and_schema", "macro_args": {}} --project-dir /Users/redalpha04/miniconda3/envs/elt/lib/python3.11/site-packages/elementary/monitor/dbt_project --profiles-dir /Users/redalpha04/Desktop/DSAI/DS6-Module-2-Project-Group-6/olist_dbt' is 507
2026-09-10 12:42:03 — INFO — Elementary's database and schema: 'project-7781a5d3-3f4e-4cd5-a43.olist_dev_elementary'
2026-09-10 12:42:03 — INFO — Running dbt command --log-format json run-operation elementary.log_macro_results --args {"macro_name": "elementary_cli.get_test_results", "macro_args": {"days_back": 7, "invocations_per_test": 720, "disable_passed_test_metrics": false, "skip_test_result_rows": false}} --project-dir /Users/redalpha04/miniconda3/envs/elt/lib/python3.11/site-packages/elementary/monitor/dbt_project --profiles-dir /Users/redalpha04/Desktop/DSAI/DS6-Module-2-Project-Group-6/olist_dbt
2026-09-10 12:42:14 — DEBUG — Result bytes size for command '--log-format json run-operation elementary.log_macro_results --args {"macro_name": "elementary_cli.get_test_results", "macro_args": {"days_back": 7, "invocations_per_test": 720, "disable_passed_test_metrics": false, "skip_test_result_rows": false}} --project-dir /Users/redalpha04/miniconda3/envs/elt/lib/python3.11/site-packages/elementary/monitor/dbt_project --profiles-dir /Users/redalpha04/Desktop/DSAI/DS6-Module-2-Project-Group-6/olist_dbt' is 191011
2026-09-10 12:42:14 — INFO — Running dbt command --log-format json run-operation elementary.log_macro_results --args {"macro_name": "elementary_cli.get_source_freshness_results", "macro_args": {"days_back": 7, "invocations_per_test": 720}} --project-dir /Users/redalpha04/miniconda3/envs/elt/lib/python3.11/site-packages/elementary/monitor/dbt_project --profiles-dir /Users/redalpha04/Desktop/DSAI/DS6-Module-2-Project-Group-6/olist_dbt
2026-09-10 12:42:18 — DEBUG — Result bytes size for command '--log-format json run-operation elementary.log_macro_results --args {"macro_name": "elementary_cli.get_source_freshness_results", "macro_args": {"days_back": 7, "invocations_per_test": 720}} --project-dir /Users/redalpha04/miniconda3/envs/elt/lib/python3.11/site-packages/elementary/monitor/dbt_project --profiles-dir /Users/redalpha04/Desktop/DSAI/DS6-Module-2-Project-Group-6/olist_dbt' is 401
2026-09-10 12:42:18 — INFO — Running dbt command --log-format json run-operation elementary.log_macro_results --args {"macro_name": "elementary_cli.get_seeds", "macro_args": {}} --project-dir /Users/redalpha04/miniconda3/envs/elt/lib/python3.11/site-packages/elementary/monitor/dbt_project --profiles-dir /Users/redalpha04/Desktop/DSAI/DS6-Module-2-Project-Group-6/olist_dbt
2026-09-10 12:42:22 — DEBUG — Result bytes size for command '--log-format json run-operation elementary.log_macro_results --args {"macro_name": "elementary_cli.get_seeds", "macro_args": {}} --project-dir /Users/redalpha04/miniconda3/envs/elt/lib/python3.11/site-packages/elementary/monitor/dbt_project --profiles-dir /Users/redalpha04/Desktop/DSAI/DS6-Module-2-Project-Group-6/olist_dbt' is 401
2026-09-10 12:42:22 — INFO — Running dbt command --log-format json run-operation elementary.log_macro_results --args {"macro_name": "elementary_cli.get_snapshots", "macro_args": {}} --project-dir /Users/redalpha04/miniconda3/envs/elt/lib/python3.11/site-packages/elementary/monitor/dbt_project --profiles-dir /Users/redalpha04/Desktop/DSAI/DS6-Module-2-Project-Group-6/olist_dbt
2026-09-10 12:42:26 — DEBUG — Result bytes size for command '--log-format json run-operation elementary.log_macro_results --args {"macro_name": "elementary_cli.get_snapshots", "macro_args": {}} --project-dir /Users/redalpha04/miniconda3/envs/elt/lib/python3.11/site-packages/elementary/monitor/dbt_project --profiles-dir /Users/redalpha04/Desktop/DSAI/DS6-Module-2-Project-Group-6/olist_dbt' is 401
2026-09-10 12:42:26 — INFO — Running dbt command --log-format json run-operation elementary.log_macro_results --args {"macro_name": "elementary_cli.get_models", "macro_args": {"exclude_elementary": true}} --project-dir /Users/redalpha04/miniconda3/envs/elt/lib/python3.11/site-packages/elementary/monitor/dbt_project --profiles-dir /Users/redalpha04/Desktop/DSAI/DS6-Module-2-Project-Group-6/olist_dbt
2026-09-10 12:42:31 — DEBUG — Result bytes size for command '--log-format json run-operation elementary.log_macro_results --args {"macro_name": "elementary_cli.get_models", "macro_args": {"exclude_elementary": true}} --project-dir /Users/redalpha04/miniconda3/envs/elt/lib/python3.11/site-packages/elementary/monitor/dbt_project --profiles-dir /Users/redalpha04/Desktop/DSAI/DS6-Module-2-Project-Group-6/olist_dbt' is 12523
2026-09-10 12:42:31 — INFO — Running dbt command --log-format json run-operation elementary.log_macro_results --args {"macro_name": "elementary_cli.get_sources", "macro_args": {}} --project-dir /Users/redalpha04/miniconda3/envs/elt/lib/python3.11/site-packages/elementary/monitor/dbt_project --profiles-dir /Users/redalpha04/Desktop/DSAI/DS6-Module-2-Project-Group-6/olist_dbt
2026-09-10 12:42:36 — DEBUG — Result bytes size for command '--log-format json run-operation elementary.log_macro_results --args {"macro_name": "elementary_cli.get_sources", "macro_args": {}} --project-dir /Users/redalpha04/miniconda3/envs/elt/lib/python3.11/site-packages/elementary/monitor/dbt_project --profiles-dir /Users/redalpha04/Desktop/DSAI/DS6-Module-2-Project-Group-6/olist_dbt' is 11167
2026-09-10 12:42:36 — INFO — Running dbt command --log-format json run-operation elementary.log_macro_results --args {"macro_name": "elementary_cli.get_exposures", "macro_args": {}} --project-dir /Users/redalpha04/miniconda3/envs/elt/lib/python3.11/site-packages/elementary/monitor/dbt_project --profiles-dir /Users/redalpha04/Desktop/DSAI/DS6-Module-2-Project-Group-6/olist_dbt
2026-09-10 12:42:42 — DEBUG — Result bytes size for command '--log-format json run-operation elementary.log_macro_results --args {"macro_name": "elementary_cli.get_exposures", "macro_args": {}} --project-dir /Users/redalpha04/miniconda3/envs/elt/lib/python3.11/site-packages/elementary/monitor/dbt_project --profiles-dir /Users/redalpha04/Desktop/DSAI/DS6-Module-2-Project-Group-6/olist_dbt' is 401
2026-09-10 12:42:42 — INFO — Running dbt command --log-format json run-operation elementary.log_macro_results --args {"macro_name": "elementary_cli.get_singular_tests", "macro_args": {}} --project-dir /Users/redalpha04/miniconda3/envs/elt/lib/python3.11/site-packages/elementary/monitor/dbt_project --profiles-dir /Users/redalpha04/Desktop/DSAI/DS6-Module-2-Project-Group-6/olist_dbt
2026-09-10 12:42:46 — DEBUG — Result bytes size for command '--log-format json run-operation elementary.log_macro_results --args {"macro_name": "elementary_cli.get_singular_tests", "macro_args": {}} --project-dir /Users/redalpha04/miniconda3/envs/elt/lib/python3.11/site-packages/elementary/monitor/dbt_project --profiles-dir /Users/redalpha04/Desktop/DSAI/DS6-Module-2-Project-Group-6/olist_dbt' is 401
2026-09-10 12:42:46 — INFO — Running dbt command --log-format json run-operation elementary.log_macro_results --args {"macro_name": "elementary_cli.get_models_runs", "macro_args": {"days_back": 7, "exclude_elementary": true}} --project-dir /Users/redalpha04/miniconda3/envs/elt/lib/python3.11/site-packages/elementary/monitor/dbt_project --profiles-dir /Users/redalpha04/Desktop/DSAI/DS6-Module-2-Project-Group-6/olist_dbt
2026-09-10 12:42:50 — DEBUG — Result bytes size for command '--log-format json run-operation elementary.log_macro_results --args {"macro_name": "elementary_cli.get_models_runs", "macro_args": {"days_back": 7, "exclude_elementary": true}} --project-dir /Users/redalpha04/miniconda3/envs/elt/lib/python3.11/site-packages/elementary/monitor/dbt_project --profiles-dir /Users/redalpha04/Desktop/DSAI/DS6-Module-2-Project-Group-6/olist_dbt' is 401
2026-09-10 12:42:50 — INFO — Running dbt command --log-format json run-operation elementary.log_macro_results --args {"macro_name": "elementary_cli.get_dbt_models_test_coverage", "macro_args": {}} --project-dir /Users/redalpha04/miniconda3/envs/elt/lib/python3.11/site-packages/elementary/monitor/dbt_project --profiles-dir /Users/redalpha04/Desktop/DSAI/DS6-Module-2-Project-Group-6/olist_dbt
2026-09-10 12:42:54 — DEBUG — Result bytes size for command '--log-format json run-operation elementary.log_macro_results --args {"macro_name": "elementary_cli.get_dbt_models_test_coverage", "macro_args": {}} --project-dir /Users/redalpha04/miniconda3/envs/elt/lib/python3.11/site-packages/elementary/monitor/dbt_project --profiles-dir /Users/redalpha04/Desktop/DSAI/DS6-Module-2-Project-Group-6/olist_dbt' is 2873
2026-09-10 12:42:54 — INFO — Running dbt command --log-format json run-operation elementary.log_macro_results --args {"macro_name": "elementary_cli.get_tests", "macro_args": {}} --project-dir /Users/redalpha04/miniconda3/envs/elt/lib/python3.11/site-packages/elementary/monitor/dbt_project --profiles-dir /Users/redalpha04/Desktop/DSAI/DS6-Module-2-Project-Group-6/olist_dbt
2026-09-10 12:42:57 — DEBUG — Result bytes size for command '--log-format json run-operation elementary.log_macro_results --args {"macro_name": "elementary_cli.get_tests", "macro_args": {}} --project-dir /Users/redalpha04/miniconda3/envs/elt/lib/python3.11/site-packages/elementary/monitor/dbt_project --profiles-dir /Users/redalpha04/Desktop/DSAI/DS6-Module-2-Project-Group-6/olist_dbt' is 99173
2026-09-10 12:42:57 — INFO — Running dbt command --log-format json run-operation elementary.log_macro_results --args {"macro_name": "elementary_cli.get_nodes_depends_on_nodes", "macro_args": {"exclude_elementary": true}} --project-dir /Users/redalpha04/miniconda3/envs/elt/lib/python3.11/site-packages/elementary/monitor/dbt_project --profiles-dir /Users/redalpha04/Desktop/DSAI/DS6-Module-2-Project-Group-6/olist_dbt
2026-09-10 12:43:02 — DEBUG — Result bytes size for command '--log-format json run-operation elementary.log_macro_results --args {"macro_name": "elementary_cli.get_nodes_depends_on_nodes", "macro_args": {"exclude_elementary": true}} --project-dir /Users/redalpha04/miniconda3/envs/elt/lib/python3.11/site-packages/elementary/monitor/dbt_project --profiles-dir /Users/redalpha04/Desktop/DSAI/DS6-Module-2-Project-Group-6/olist_dbt' is 8801
2026-09-10 12:43:02 — INFO — Running dbt command --log-format json run-operation elementary.log_macro_results --args {"macro_name": "elementary_cli.get_models_latest_invocation", "macro_args": {}} --project-dir /Users/redalpha04/miniconda3/envs/elt/lib/python3.11/site-packages/elementary/monitor/dbt_project --profiles-dir /Users/redalpha04/Desktop/DSAI/DS6-Module-2-Project-Group-6/olist_dbt
2026-09-10 12:43:06 — DEBUG — Result bytes size for command '--log-format json run-operation elementary.log_macro_results --args {"macro_name": "elementary_cli.get_models_latest_invocation", "macro_args": {}} --project-dir /Users/redalpha04/miniconda3/envs/elt/lib/python3.11/site-packages/elementary/monitor/dbt_project --profiles-dir /Users/redalpha04/Desktop/DSAI/DS6-Module-2-Project-Group-6/olist_dbt' is 7465
2026-09-10 12:43:06 — INFO — Running dbt command --log-format json run-operation elementary.log_macro_results --args {"macro_name": "elementary_cli.get_models_latest_invocations_data", "macro_args": {}} --project-dir /Users/redalpha04/miniconda3/envs/elt/lib/python3.11/site-packages/elementary/monitor/dbt_project --profiles-dir /Users/redalpha04/Desktop/DSAI/DS6-Module-2-Project-Group-6/olist_dbt
2026-09-10 12:43:10 — DEBUG — Result bytes size for command '--log-format json run-operation elementary.log_macro_results --args {"macro_name": "elementary_cli.get_models_latest_invocations_data", "macro_args": {}} --project-dir /Users/redalpha04/miniconda3/envs/elt/lib/python3.11/site-packages/elementary/monitor/dbt_project --profiles-dir /Users/redalpha04/Desktop/DSAI/DS6-Module-2-Project-Group-6/olist_dbt' is 859
